https://getbootstrap.com/docs/4.0/components/forms/
https://angular.io/api/forms/NgForm


D:\react>ng new  Angular-Forms
? Would you like to add Angular routing? No
? Which stylesheet format would you like to use? CSS

D:\react\Angular-Forms>git remote add origin git@github.com:Annie-Huang/Angular-Forms.git
D:\react\Angular-Forms>git push -u origin master

D:\react\Angular-Forms>ng g c user-settings-form
D:\react\Angular-Forms>npm install --save bootstrap

blur
=========
ng-untouched | ng-touched

unmodified
==============
ng-pristine | ng-dirty

validation
================
ng-valid | ng-invalid