https://getbootstrap.com/docs/4.0/components/forms/
https://angular.io/api/forms/NgForm
https://putsreq.com/
https://github.com/phstc/putsreq#response-builder
https://valor-software.com/ngx-bootstrap/#/buttons
https://valor-software.com/ngx-bootstrap/#/datepicker
https://valor-software.com/ngx-bootstrap/#/timepicker
https://valor-software.com/ngx-bootstrap/#/rating

https://angular.io/resources
(under community: Catalog of Angular Components & libaries)
https://github.com/brillout/awesome-angular-components

D:\react>ng new  Angular-Forms
? Would you like to add Angular routing? No
? Which stylesheet format would you like to use? CSS

D:\react\Angular-Forms>git remote add origin git@github.com:Annie-Huang/Angular-Forms.git
D:\react\Angular-Forms>git push -u origin master

D:\react\Angular-Forms>ng g c user-settings-form
D:\react\Angular-Forms>npm install --save bootstrap

blur
=========
ng-untouched | ng-touched

unmodified
==============
ng-pristine | ng-dirty

validation
================
ng-valid | ng-invalid

-----------


<input id="name" name="name" class="form-control" [(ngModel)]="userSettings.name" #classTest>
<h3>{{ classTest.className }}</h3>

For required, it will apply these classes:
ng-untouched ng-pristine ng-invalid

When you tab in and out of the field:
ng-pristine ng-invalid ng-touched

Refresh the page When you tab in and type something:
ng-dirty ng-valid ng-touched

Remove required and refresh the page:
ng-untouched ng-pristine ng-valid

-----------
<input id="name" name="name" class="form-control" [(ngModel)]="userSettings.name" minlength="3" #classTest>
<h3>{{ classTest.className }}</h3>

Initially:
ng-untouched ng-pristine ng-valid	<< don't know why it's ng-valid

Start typing "M"
ng-untouched ng-dirty ng-invalid

Continue to type "ac"
ng-untouched ng-dirty ng-valid

-----------
<input id="name" name="name" class="form-control" [(ngModel)]="userSettings.name" required minlength="3" #classTest>
<h3>{{ classTest.className }}</h3>

Initially:
ng-untouched ng-pristine ng-invalid

------------
What's put into https://putsreq.com/osNqx9elMrKHmaSiXTtQ/inspect
var parsedBody = JSON.parse(request.body);
response.body = parsedBody;

response.status = 400;
response.body = {errorMessage: 'Some error goes here..'};
